%!Adobe-FontList 1.22
%Locale:0x416

%BeginFont
Handler:DirectoryHandler
FontType:Type1
FontName:Canaro-LightDEMO
FamilyName:Canaro
StyleName:Light DEMO
FullName:Canaro Light DEMO
MenuName:Canaro Light DEMO
StyleBits:0
WritingScript:Roman
OutlineFileName:D:\DESIGN_ANDAMENTO\all_in_one\presentation\presentation_all_in_one Folder\Document fonts\Canaro-LightDEMO.otf
DataFormat:sfntData
UsesStandardEncoding:yes
isCFF:yes
hasSVG:no
VariableFontType:NonVariableFont
FileLength:39096
FileModTime:1384992720
WeightClass:300
WidthClass:5
AngleClass:0
NameArray:0,Mac,4,Canaro Light DEMO
NameArray:0,Win,1,Canaro Light DEMO
NameArray:0,Win,16,Canaro
%EndFont

%BeginFont
Handler:DirectoryHandler
FontType:Type1
FontName:InterUI-Black
FamilyName:Inter UI
StyleName:Black
FullName:Inter UI Black
MenuName:Inter UI Black
StyleBits:0
WritingScript:Roman
OutlineFileName:D:\DESIGN_ANDAMENTO\all_in_one\presentation\presentation_all_in_one Folder\Document fonts\Inter-UI-Black.otf
DataFormat:sfntData
UsesStandardEncoding:yes
isCFF:yes
hasSVG:no
VariableFontType:NonVariableFont
FileLength:223444
FileModTime:1550766006
WeightClass:900
WidthClass:5
AngleClass:0
NameArray:0,Win,1,Inter UI Black
NameArray:0,Win,16,Inter UI
%EndFont

%BeginFont
Handler:DirectoryHandler
FontType:Type1
FontName:InterUI-Bold
FamilyName:Inter UI
StyleName:Bold
FullName:Inter UI Bold
MenuName:Inter UI
StyleBits:2
WritingScript:Roman
OutlineFileName:D:\DESIGN_ANDAMENTO\all_in_one\presentation\presentation_all_in_one Folder\Document fonts\Inter-UI-Bold.otf
DataFormat:sfntData
UsesStandardEncoding:yes
isCFF:yes
hasSVG:no
VariableFontType:NonVariableFont
FileLength:222924
FileModTime:1550766008
WeightClass:700
WidthClass:5
AngleClass:0
NameArray:0,Win,1,Inter UI
%EndFont

%BeginFont
Handler:DirectoryHandler
FontType:Type1
FontName:InterUI-BoldItalic
FamilyName:Inter UI
StyleName:Bold Italic
FullName:Inter UI Bold Italic
MenuName:Inter UI
StyleBits:3
WritingScript:Roman
OutlineFileName:D:\DESIGN_ANDAMENTO\all_in_one\presentation\presentation_all_in_one Folder\Document fonts\Inter-UI-BoldItalic.otf
DataFormat:sfntData
UsesStandardEncoding:yes
isCFF:yes
hasSVG:no
VariableFontType:NonVariableFont
FileLength:261492
FileModTime:1550766008
WeightClass:700
WidthClass:5
AngleClass:0
NameArray:0,Win,1,Inter UI
%EndFont

%BeginFont
Handler:DirectoryHandler
FontType:Type1
FontName:InterUI-Regular
FamilyName:Inter UI
StyleName:Regular
FullName:Inter UI
MenuName:Inter UI
StyleBits:0
WritingScript:Roman
OutlineFileName:D:\DESIGN_ANDAMENTO\all_in_one\presentation\presentation_all_in_one Folder\Document fonts\Inter-UI-Regular.otf
DataFormat:sfntData
UsesStandardEncoding:yes
isCFF:yes
hasSVG:no
VariableFontType:NonVariableFont
FileLength:212624
FileModTime:1550766004
WeightClass:400
WidthClass:5
AngleClass:0
NameArray:0,Win,1,Inter UI
%EndFont

%BeginFont
Handler:DirectoryHandler
FontType:Type1
FontName:MinionPro-Regular
FamilyName:Minion Pro
StyleName:Regular
FullName:Minion Pro
MenuName:Minion Pro
StyleBits:0
WritingScript:Roman
OutlineFileName:D:\DESIGN_ANDAMENTO\all_in_one\presentation\presentation_all_in_one Folder\Document fonts\MinionPro-Regular.otf
DataFormat:sfntData
UsesStandardEncoding:yes
isCFF:yes
hasSVG:no
VariableFontType:NonVariableFont
FileLength:218640
FileModTime:1585434360
WeightClass:400
WidthClass:5
AngleClass:0
DesignSize:110
NameArray:0,Mac,4,Minion Pro
NameArray:0,Win,1,Minion Pro
%EndFont

%BeginFont
Handler:DirectoryHandler
FontType:TrueType
FontName:Rubik-Bold
FamilyName:Rubik
StyleName:Bold
FullName:Rubik Bold
MenuName:Rubik
StyleBits:2
WritingScript:Roman
OutlineFileName:D:\DESIGN_ANDAMENTO\all_in_one\presentation\presentation_all_in_one Folder\Document fonts\Rubik-Bold.ttf
DataFormat:sfntData
hasSVG:no
VariableFontType:NonVariableFont
FileLength:143356
FileModTime:1437534000
WeightClass:700
WidthClass:5
AngleClass:0
NameArray:0,Mac,4,Rubik Bold
NameArray:0,Win,1,Rubik
%EndFont

%BeginFont
Handler:DirectoryHandler
FontType:TrueType
FontName:Rubik-Medium
FamilyName:Rubik
StyleName:Medium
FullName:Rubik Medium
MenuName:Rubik Medium
StyleBits:0
WritingScript:Roman
OutlineFileName:D:\DESIGN_ANDAMENTO\all_in_one\presentation\presentation_all_in_one Folder\Document fonts\Rubik-Medium.ttf
DataFormat:sfntData
hasSVG:no
VariableFontType:NonVariableFont
FileLength:143696
FileModTime:1437534000
WeightClass:500
WidthClass:5
AngleClass:0
NameArray:0,Mac,4,Rubik Medium
NameArray:0,Win,1,Rubik Medium
NameArray:0,Win,16,Rubik
%EndFont

%BeginFont
Handler:DirectoryHandler
FontType:TrueType
FontName:TitanOne
FamilyName:Titan One
StyleName:Regular
FullName:Titan One
MenuName:Titan One
StyleBits:0
WritingScript:Roman
OutlineFileName:D:\DESIGN_ANDAMENTO\all_in_one\presentation\presentation_all_in_one Folder\Document fonts\TitanOne-Regular.ttf
DataFormat:sfntData
hasSVG:no
VariableFontType:NonVariableFont
FileLength:55712
FileModTime:1326247200
WeightClass:400
WidthClass:5
AngleClass:0
NameArray:0,Mac,4,Titan One
NameArray:0,Win,1,Titan One
%EndFont

